
as12, an absolute assembler for Motorola MCU's, version 1.2h

                        ; Author:               Zahi Masarwa
                        ; Student Number:       040985420
                        ; Date:                 02 Nov 2021
                        
                        
                        
                        
                        
                        
                        
                        
                        
                        
2000                    STACK           equ     $2000
0040                    FIRSTNUM        equ     64
0064                    SECONDNUM       equ     $64
                        
                        
1000                                    org     $1000
1000 1c 44 18 ec cf     myArray         db     	$1c,$44,$18,$ec,$cf
1005                    Result          ds      2
                        
                        
2000                                    org     $2000
2000 cf 20 00           Start           lds     #STACK
                        
2003 96 40                              ldaa    FIRSTNUM
2005 d6 64                              ldab    SECONDNUM
2007 fd 10 00                           ldy     myArray
200a 50                                 negb
200b b6 10 03                           ldaa     myArray+3
                        
200e 7c 10 05                           std    Result
2011 3f                                 swi
                                        end
                                        

Executed: Wed Dec 01 14:37:05 2021
Total cycles: 35, Total bytes: 23
Total errors: 0, Total warnings: 0
