
as12, an absolute assembler for Motorola MCU's, version 1.2h

                        ; Author:               Zahi Masarwa
                        ; Student Number:       040985420
                        ; Date:                 02 Nov 2021
                        
                        
                        
                        
                        
                        
                        
                        
                        
                        
2000                    STACK           equ     $2000
0016                    FIRSTNUM        equ     $16
0010                    SECONDNUM       equ     16
003c                    THIRDNUM        equ     #%00111100
                        
1000                                    org     $1000
1000 f9 62 18 d9 04     MyArray         db      $F9, $62, $18, $D9, $04
1005                    Result          ds      2
                        
2000                                    org     $2000
2000 cf 20 00           Start           lds     #STACK
                        
2003 86 16                              ldaa    #FIRSTNUM
2005 c6 10                              ldab    #SECONDNUM
2007 bb 10 02                           adda    MyArray+2
200a 7a 10 05                           staa    Result
200d 7b 10 06                           stab    Result+1
2010 b6 10 04                           ldaa    MyArray+4
2013 f6 10 05                           ldab    Result
2016 53                                 decb
2017 86 3c                              ldaa    #THIRDNUM
2019 41                                 coma
201a 7c 10 05                           std     Result
201d 3f                                 swi
                                        end
                                        

Executed: Tue Nov 16 18:52:45 2021
Total cycles: 48, Total bytes: 35
Total errors: 0, Total warnings: 0
